C51 COMPILER V9.60.7.0   MAIN                                                              08/17/2024 19:00:26 PAGE 1   


C51 COMPILER V9.60.7.0, COMPILATION OF MODULE MAIN
OBJECT MODULE PLACED IN .\Objects\main.obj
COMPILER INVOKED BY: D:\Program Files\keil5\C51\BIN\C51.EXE main.c OPTIMIZE(8,SPEED) BROWSE DEBUG OBJECTEXTEND PRINT(.\L
                    -istings\main.lst) OBJECT(.\Objects\main.obj)

line level    source

   1          #include <REGX52.H>
   2          #include "Delay.h"
   3          #include "Timer0.h"
   4          
   5          sbit Buzzer=P2^5;
   6          
   7          #define SPEED  500 
   8          
   9          unsigned char KeyNum;
  10          
  11          unsigned int FreqTable[]={0,
  12                  63777,63872,63967,64053,64139,64214,64290,64359,64424,64488,64546,64606,
  13                  64654,64703,64750,64794,64836,64875,64912,64947,64980,65012,65041,65069,
  14                  65094,65119,65142,65165,65186,65205,65223,65241,65258,65273,65288,65302
  15          };
  16          unsigned char Music[]={
  17          13,4,
  18          13,4,
  19          20,4,
  20          20,4,
  21          22,4,
  22          22,4,
  23          20,8,
  24          18,4,
  25          18,4,
  26          17,4,
  27          17,4,
  28          15,4,
  29          15,4,
  30          13,8,
  31          0xFF
  32          };
  33          unsigned char FreqSelect,MusicSelect;
  34          
  35          void main()
  36          {
  37   1              Timer0_Init();
  38   1              while(1)
  39   1              {
  40   2                      if(Music[MusicSelect]!=0xFF)
  41   2                      {
  42   3                              FreqSelect=Music[MusicSelect];
  43   3                              MusicSelect++;
  44   3                              Delay(SPEED/4*Music[MusicSelect]);
  45   3                              MusicSelect++;
  46   3                              TR0=0;
  47   3                              Delay(5);
  48   3                              TR0=1;
  49   3                      }
  50   2                      else
  51   2                      {
  52   3                              TR0=0;
  53   3                              while(1);
  54   3                      }
C51 COMPILER V9.60.7.0   MAIN                                                              08/17/2024 19:00:26 PAGE 2   

  55   2              }
  56   1      }
  57          
  58          void Timer0_Routine() interrupt 1
  59          {
  60   1              TL0 = FreqTable[FreqSelect]%256;                                //设置定时初始值
  61   1              TH0 = FreqTable[FreqSelect]/256;                                //设置定时初始值
  62   1              Buzzer=!Buzzer;//1ms翻转一次，周期2ms，产生了500hz的频率
  63   1      }


MODULE INFORMATION:   STATIC OVERLAYABLE
   CODE SIZE        =     90    ----
   CONSTANT SIZE    =   ----    ----
   XDATA SIZE       =   ----    ----
   PDATA SIZE       =   ----    ----
   DATA SIZE        =    106    ----
   IDATA SIZE       =   ----    ----
   BIT SIZE         =   ----    ----
END OF MODULE INFORMATION.


C51 COMPILATION COMPLETE.  0 WARNING(S),  0 ERROR(S)
